stm32g4xx_hal_msp.c:69:6:HAL_MspInit	16	static
stm32g4xx_hal_msp.c:99:6:HAL_ADC_MspInit	64	static
stm32g4xx_hal_msp.c:168:6:HAL_ADC_MspDeInit	8	static
stm32g4xx_hal_msp.c:242:6:HAL_COMP_MspInit	48	static
stm32g4xx_hal_msp.c:311:6:HAL_COMP_MspDeInit	0	static
stm32g4xx_hal_msp.c:367:6:HAL_CORDIC_MspInit	8	static
stm32g4xx_hal_msp.c:389:6:HAL_CORDIC_MspDeInit	0	static
stm32g4xx_hal_msp.c:411:6:HAL_DAC_MspInit	8	static
stm32g4xx_hal_msp.c:433:6:HAL_DAC_MspDeInit	0	static
stm32g4xx_hal_msp.c:455:6:HAL_OPAMP_MspInit	48	static
stm32g4xx_hal_msp.c:530:6:HAL_OPAMP_MspDeInit	0	static
stm32g4xx_hal_msp.c:592:6:HAL_TIM_Base_MspInit	8	static
stm32g4xx_hal_msp.c:608:6:HAL_TIM_MspPostInit	64	static
stm32g4xx_hal_msp.c:661:6:HAL_TIM_Base_MspDeInit	8	static
stm32g4xx_hal_msp.c:687:6:HAL_UART_MspInit	48	static
stm32g4xx_hal_msp.c:758:6:HAL_UART_MspDeInit	8	static
